// Jest Snapshot v1, https://goo.gl/fbAQLP

exports[`RangeFilter should render correctly in "debug" mode 1`] = `
"<MuiPickersUtilsProvider utils={[Function: DateFnsUtils]}>
  <PickerWithState disableToolbar={true} variant=\\"inline\\" format=\\"yyyy/MM/dd\\" margin=\\"normal\\" id=\\"date-picker-inline\\" label={[undefined]} value={{...}} onChange={[Function: handleDateChange]} KeyboardButtonProps={{...}} minDate={{...}} maxDate={{...}} invalidDateMessage=\\"Invalid Date Format\\" minDateMessage=\\"Date should not be before minimal date\\" maxDateMessage=\\"Date should not be after maximal date\\" allowKeyboardControl={true} openTo=\\"date\\" views={{...}} />
</MuiPickersUtilsProvider>"
`;
